// Jest Snapshot v1, https://goo.gl/fbAQLP

exports[`[<App />] [<App />] shows pokemons list 1`] = `
<div
  className="App"
>
  <div>
    <h1>
      Pokemon's List:
    </h1>
    <ul
      className="pokemon-list"
    >
      <div>
        loading pokemons ...
      </div>
    </ul>
  </div>
</div>
`;
